============================= test session starts ==============================
platform linux -- Python 3.11.13, pytest-8.4.2, pluggy-1.6.0 -- /home/runner/workspace/.pythonlibs/bin/python
cachedir: .pytest_cache
rootdir: /home/runner/workspace
configfile: pyproject.toml
plugins: cov-7.0.0, anyio-4.11.0
collecting ... collected 19 items / 2 deselected / 17 selected

tests/test_visitor_tracking.py::TestVisitorTrackerFunctional::test_multiple_events_tracking PASSED [  5%]
tests/test_visitor_tracking.py::TestVisitorTrackerFunctional::test_track_login_failure PASSED [ 11%]
tests/test_visitor_tracking.py::TestVisitorTrackerFunctional::test_track_login_success PASSED [ 17%]
tests/test_visitor_tracking.py::TestVisitorTrackerFunctional::test_track_logout PASSED [ 23%]
tests/test_visitor_tracking.py::TestVisitorTrackerFunctional::test_track_page_view_anonymous PASSED [ 29%]
tests/test_visitor_tracking.py::TestVisitorTrackerFunctional::test_track_registration_success PASSED [ 35%]
tests/test_visitor_tracking.py::TestVisitorTrackerGDPRCompliance::test_details_field_sanitization PASSED [ 41%]
tests/test_visitor_tracking.py::TestVisitorTrackerGDPRCompliance::test_ip_anonymization PASSED [ 47%]
tests/test_visitor_tracking.py::TestVisitorTrackerGDPRCompliance::test_no_pii_in_any_field PASSED [ 52%]
tests/test_visitor_tracking.py::TestVisitorTrackerGDPRCompliance::test_user_id_unconditional_hashing PASSED [ 58%]
tests/test_visitor_tracking.py::TestVisitorTrackerGDPRCompliance::test_username_always_none PASSED [ 64%]
tests/test_visitor_tracking.py::TestVisitorTrackerPerformance::test_event_uniqueness 